[[1,2,3],"hello"] => [[1,2,3],[104,101,108,108,111]]
Just () => Just 0
