{xs = [], ys = [1,2,3]} True
{xs = [1], ys = [2,3]} True
{xs = [1,2], ys = [3]} True
{xs = [1,2,3], ys = []} True
